../Core/Src/main.c:140:6:Task_initialization	24	static
../Core/Src/main.c:192:5:main	16	static
../Core/Src/main.c:268:6:SystemClock_Config	88	static
../Core/Src/main.c:319:13:MX_TIM3_Init	64	static
../Core/Src/main.c:374:13:MX_TIM4_Init	48	static
../Core/Src/main.c:427:13:MX_TIM12_Init	56	static
../Core/Src/main.c:475:13:MX_UART4_Init	8	static
../Core/Src/main.c:506:13:MX_UART5_Init	8	static
../Core/Src/main.c:537:13:MX_USART1_UART_Init	8	static
../Core/Src/main.c:568:13:MX_USART3_UART_Init	8	static
../Core/Src/main.c:597:13:MX_DMA_Init	16	static
../Core/Src/main.c:621:13:MX_GPIO_Init	48	static
../Core/Src/main.c:690:6:Error_Handler	4	static,ignoring_inline_asm
