../Core/Src/main.c:140:6:Task_initialization	32	static
../Core/Src/main.c:212:5:main	16	static
../Core/Src/main.c:288:6:SystemClock_Config	88	static
../Core/Src/main.c:339:13:MX_TIM3_Init	64	static
../Core/Src/main.c:394:13:MX_TIM4_Init	48	static
../Core/Src/main.c:447:13:MX_TIM12_Init	56	static
../Core/Src/main.c:495:13:MX_UART4_Init	8	static
../Core/Src/main.c:526:13:MX_UART5_Init	8	static
../Core/Src/main.c:557:13:MX_USART1_UART_Init	8	static
../Core/Src/main.c:588:13:MX_USART3_UART_Init	8	static
../Core/Src/main.c:617:13:MX_DMA_Init	16	static
../Core/Src/main.c:641:13:MX_GPIO_Init	48	static
../Core/Src/main.c:709:6:Error_Handler	4	static,ignoring_inline_asm
